nohup: ignoring input

> software-company@0.0.0 start
> ng serve

 [1mPort 4200 is already in use.
Would you like to use a different port?[22m [2m(Y/n)[22m[47Gnode:events:496
      throw er; // Unhandled 'error' event
      ^

Error: EBADF: bad file descriptor, read
Emitted 'error' event on Interface instance at:
    at ReadStream.onerror (node:internal/readline/interface:246:10)
    at ReadStream.emit (node:events:518:28)
    at emitErrorNT (node:internal/streams/destroy:170:8)
    at errorOrDestroy (node:internal/streams/destroy:239:7)
    at node:internal/fs/streams:272:9
    at FSReqCallback.wrapper [as oncomplete] (node:fs:671:5)
    at FSReqCallback.callbackTrampoline (node:internal/async_hooks:130:17) {
  errno: -9,
  code: 'EBADF',
  syscall: 'read'
}

Node.js v22.17.1
